≡ƒÜÇ COMPREHENSIVE FEATURE VALIDATION
============================================================
Testing 5 different startup scenarios...


≡ƒôï TEST CASE 1: SaaS Startup - Early Stage (Freshworks-like)
============================================================
  ΓÜá∩╕Å Request error for /api/auth/register: fetch failed
Γ¥î FAIL: 1.1 User Registration - 
ΓÜá∩╕Å Skipping remaining tests - no token

≡ƒôï TEST CASE 2: FinTech Startup - Growth Stage (Razorpay-like)
============================================================
  ΓÜá∩╕Å Request error for /api/auth/register: fetch failed
Γ¥î FAIL: 2.1 User Registration - 

≡ƒôï TEST CASE 3: EdTech Startup - Idea Stage (Early Byju's-like)
============================================================
  ΓÜá∩╕Å Request error for /api/auth/register: fetch failed
Γ¥î FAIL: 3.1 User Registration - 

≡ƒôï TEST CASE 4: E-commerce Marketplace (Meesho-like)
============================================================
  ΓÜá∩╕Å Request error for /api/auth/register: fetch failed
Γ¥î FAIL: 4.1 User Registration - 

≡ƒôï TEST CASE 5: AI/ML Startup - Technical Product
============================================================
  ΓÜá∩╕Å Request error for /api/auth/register: fetch failed
Γ¥î FAIL: 5.1 User Registration - 

============================================================
≡ƒôè FINAL TEST REPORT
============================================================

≡ƒôê Test Results:
   Total Tests: 5
   Γ£à Passed: 0
   Γ¥î Failed: 5
   ≡ƒôè Score: 0.0%
   ΓÅ▒∩╕Å Duration: 0.09s

Γ¥î Failed Tests:
   - 1.1 User Registration: 
   - 2.1 User Registration: 
   - 3.1 User Registration: 
   - 4.1 User Registration: 
   - 5.1 User Registration: 

============================================================
ΓÜá∩╕Å Score is below 90%
Please review failed tests above.
============================================================
